Added: [D][✘] return book (at: 10 Oct 2020)
1. [D][✘] return book (at: 10 Oct 2020)
