Added: [E][✘] go home (at: 10 Oct 2020)
1. [E][✘] go home (at: 10 Oct 2020)
