Added: [T][✘] read book
Added: [T][✘] read novel
I've removed this task:
[T][✘] read book
1. [T][✘] read novel
