Added: [T][✘] read book
Added: [T][✘] read novel
Here are the matching tasks in your list:
1. [T][✘] read book

1. [T][✘] read book
2. [T][✘] read novel
