1. [D][✘] return book (at: 11 Oct 2021)
2. [D][✘] aaa (at: 11 Oct 2020)
3. [E][✘] go home (at: 10 Oct 2020)
4. [T][✘] better gui
5. [T][✘] extract command class