TODO|false|read book
EVENT|false|go home|2020-10-10
DEADLINE|false|return book|2020-10-10
