Added: [T][✘] ccc
Added: [T][✘] aaa
Added: [T][✘] bbb
Here are your tasks sorted by description
1. [T][✘] ccc
2. [T][✘] bbb
3. [T][✘] aaa
