Added: [E][✘] read book (at: 10 Oct 2020)
Added: [E][✘] read novel (at: 12 Oct 2020)
Added: [E][✘] read chapter (at: 11 Oct 2020)
Here are your tasks sorted by date
1. [E][✘] read novel (at: 12 Oct 2020)
2. [E][✘] read chapter (at: 11 Oct 2020)
3. [E][✘] read book (at: 10 Oct 2020)
